Copyright 1986-2022 Xilinx, Inc. All Rights Reserved. Copyright 2022-2024 Advanced Micro Devices, Inc. All Rights Reserved.
---------------------------------------------------------------------------------------------------------------------------------------------------------------------------------
| Tool Version : Vivado v.2023.2.2 (win64) Build 4126759 Thu Feb  8 23:53:51 MST 2024
| Date         : Tue Dec 30 13:06:08 2025
| Host         : ThinhPhat running 64-bit major release  (build 9200)
| Command      : report_bus_skew -warn_on_violation -file gpio_led_wrapper_bus_skew_routed.rpt -pb gpio_led_wrapper_bus_skew_routed.pb -rpx gpio_led_wrapper_bus_skew_routed.rpx
| Design       : gpio_led_wrapper
| Device       : 7z020-clg400
| Speed File   : -1  PRODUCTION 1.12 2019-11-22
| Design State : Routed
---------------------------------------------------------------------------------------------------------------------------------------------------------------------------------

Bus Skew Report

No bus skew constraints

