#-----------------------------------------------------------
# Vivado v2023.2.2 (64-bit)
# SW Build 4126759 on Thu Feb  8 23:53:51 MST 2024
# IP Build 4126054 on Fri Feb  9 11:39:09 MST 2024
# SharedData Build 4115275 on Tue Jan 30 00:40:57 MST 2024
# Start of session at: Tue Dec 30 13:03:05 2025
# Process ID: 31560
# Current directory: C:/Users/phat6/OneDrive/Desktop/testnaykia/vivado/per/GPIO_LED/GPIO_LED.runs/gpio_led_axi_gpio_0_2_synth_1
# Command line: vivado.exe -log gpio_led_axi_gpio_0_2.vds -product Vivado -mode batch -messageDb vivado.pb -notrace -source gpio_led_axi_gpio_0_2.tcl
# Log file: C:/Users/phat6/OneDrive/Desktop/testnaykia/vivado/per/GPIO_LED/GPIO_LED.runs/gpio_led_axi_gpio_0_2_synth_1/gpio_led_axi_gpio_0_2.vds
# Journal file: C:/Users/phat6/OneDrive/Desktop/testnaykia/vivado/per/GPIO_LED/GPIO_LED.runs/gpio_led_axi_gpio_0_2_synth_1\vivado.jou
# Running On: ThinhPhat, OS: Windows, CPU Frequency: 3194 MHz, CPU Physical cores: 16, Host memory: 17024 MB
#-----------------------------------------------------------
source gpio_led_axi_gpio_0_2.tcl -notrace
