#-----------------------------------------------------------
# Vivado v2023.2.2 (64-bit)
# SW Build 4126759 on Thu Feb  8 23:53:51 MST 2024
# IP Build 4126054 on Fri Feb  9 11:39:09 MST 2024
# SharedData Build 4115275 on Tue Jan 30 00:40:57 MST 2024
# Start of session at: Sun Sep 14 16:33:39 2025
# Process ID: 10512
# Current directory: C:/Users/phat6/OneDrive/Desktop/testnaykia/vivado/add32hls/project_1/project_1.runs/design_1_add_0_0_synth_1
# Command line: vivado.exe -log design_1_add_0_0.vds -product Vivado -mode batch -messageDb vivado.pb -notrace -source design_1_add_0_0.tcl
# Log file: C:/Users/phat6/OneDrive/Desktop/testnaykia/vivado/add32hls/project_1/project_1.runs/design_1_add_0_0_synth_1/design_1_add_0_0.vds
# Journal file: C:/Users/phat6/OneDrive/Desktop/testnaykia/vivado/add32hls/project_1/project_1.runs/design_1_add_0_0_synth_1\vivado.jou
# Running On: ThinhPhat, OS: Windows, CPU Frequency: 3194 MHz, CPU Physical cores: 16, Host memory: 17024 MB
#-----------------------------------------------------------
source design_1_add_0_0.tcl -notrace
