Copyright 1986-2022 Xilinx, Inc. All Rights Reserved. Copyright 2022-2024 Advanced Micro Devices, Inc. All Rights Reserved.
-----------------------------------------------------------------------------------------------------------------------------------------------------------------------
| Tool Version      : Vivado v.2023.2.2 (win64) Build 4126759 Thu Feb  8 23:53:51 MST 2024
| Date              : Tue Sep 16 03:35:02 2025
| Host              : ThinhPhat running 64-bit major release  (build 9200)
| Command           : report_bus_skew -warn_on_violation -file alu_wrapper_bus_skew_routed.rpt -pb alu_wrapper_bus_skew_routed.pb -rpx alu_wrapper_bus_skew_routed.rpx
| Design            : alu_wrapper
| Device            : xczu5eg-sfvc784
| Speed File        : -1  PRODUCTION 1.30 05-15-2022
| Design State      : Routed
| Temperature Grade : E
-----------------------------------------------------------------------------------------------------------------------------------------------------------------------

Bus Skew Report

No bus skew constraints

